// Jest Snapshot v1, https://goo.gl/fbAQLP

exports[`React Navigation test does snapshot testing 1`] = `
<div>
  <header>
    Pre Head
  </header>
  <pre
    dangerouslySetInnerHTML={
      Object {
        "__html": "{
  \\"animate\\": \\"none\\",
  \\"menuType\\": \\"hamburger\\",
  \\"title\\": \\"Heading\\"
}",
      }
    }
  />
</div>
`;
